[    2039ms] [WARNING] An error occurred! For more details, see the full error text at https://go.apollo.dev/c/err#%7B%22version%22%3A%223.14.1%22%2C%22message%22%3A85%2C%22args%22%3A%5B%5D%7D @ https://gamma.app/_next/static/immutable/chunks/27m8v1gmglfti.js:8
[    2340ms] [WARNING] warn: [LaunchDarkly] Unknown feature flag "debugLogging"; returning default value null. @ https://gamma.app/_next/static/immutable/chunks/27m8v1gmglfti.js:8
[    2340ms] [WARNING] warn: [LaunchDarkly] Unknown feature flag "offlineTest"; returning default value null. @ https://gamma.app/_next/static/immutable/chunks/27m8v1gmglfti.js:8
[    2340ms] [WARNING] warn: [LaunchDarkly] Unknown feature flag "enableWorkspaceSubscriptionLiveUpdates"; returning default value null. @ https://gamma.app/_next/static/immutable/chunks/27m8v1gmglfti.js:8
[    2340ms] [WARNING] warn: [LaunchDarkly] Unknown feature flag "enableSubscriptionRefetchOnPaymentResolved"; returning default value null. @ https://gamma.app/_next/static/immutable/chunks/27m8v1gmglfti.js:8
[    2620ms] [INFO] info: [LaunchDarkly] Opened LaunchDarkly stream connection @ https://gamma.app/_next/static/immutable/chunks/27m8v1gmglfti.js:8
[    2893ms] [LOG] utm function starting @ https://gamma.app/_next/static/immutable/chunks/27m8v1gmglfti.js:8
[    3006ms] [WARNING] warn: [LaunchDarkly] Exceeded event queue capacity. Increase capacity to avoid dropping events. @ https://gamma.app/_next/static/immutable/chunks/27m8v1gmglfti.js:8
[    3161ms] [INFO] info: [LaunchDarkly] Closed LaunchDarkly stream connection @ https://gamma.app/_next/static/immutable/chunks/27m8v1gmglfti.js:8
[    3270ms] [INFO] info: [LaunchDarkly] Opened LaunchDarkly stream connection @ https://gamma.app/_next/static/immutable/chunks/27m8v1gmglfti.js:8
[    4279ms] [WARNING] An error occurred! For more details, see the full error text at https://go.apollo.dev/c/err#%7B%22version%22%3A%223.14.1%22%2C%22message%22%3A85%2C%22args%22%3A%5B%5D%7D @ https://gamma.app/_next/static/immutable/chunks/27m8v1gmglfti.js:8
[    4317ms] [WARNING] An error occurred! For more details, see the full error text at https://go.apollo.dev/c/err#%7B%22version%22%3A%223.14.1%22%2C%22message%22%3A103%2C%22args%22%3A%5B%22useQuery%22%2C%22onCompleted%22%2C%22If%20your%20%60onCompleted%60%20callback%20sets%20local%20state%2C%20switch%20to%20use%20derived%20state%20using%20%60data%60%20returned%20from%20the%20hook%20instead.%20Use%20%60useEffect%60%20to%20perform%20side-effects%20as%20a%20result%20of%20updates%20to%20%60data%60.%22%5D%7D @ https://gamma.app/_next/static/immutable/chunks/27m8v1gmglfti.js:8
[    4456ms] [WARNING] Canvas2D: Multiple readback operations using getImageData are faster with the willReadFrequently attribute set to true. See: https://html.spec.whatwg.org/multipage/canvas.html#concept-canvas-will-read-frequently @ https://gamma.app/_next/static/immutable/chunks/0r_q6_gy-nw-o.js:1
[    4510ms] [VERBOSE] [DOM] Input elements should have autocomplete attributes (suggested: "username"): (More info: https://goo.gl/9p2vKq) %o @ https://gamma.app/signin?:0
[    4570ms] [WARNING] warn: [LaunchDarkly] Unknown feature flag "debugLogging"; returning default value null. @ https://gamma.app/_next/static/immutable/chunks/27m8v1gmglfti.js:8
[    4570ms] [WARNING] warn: [LaunchDarkly] Unknown feature flag "offlineTest"; returning default value null. @ https://gamma.app/_next/static/immutable/chunks/27m8v1gmglfti.js:8
[    4570ms] [WARNING] warn: [LaunchDarkly] Unknown feature flag "enableWorkspaceSubscriptionLiveUpdates"; returning default value null. @ https://gamma.app/_next/static/immutable/chunks/27m8v1gmglfti.js:8
[    4570ms] [WARNING] warn: [LaunchDarkly] Unknown feature flag "enableSubscriptionRefetchOnPaymentResolved"; returning default value null. @ https://gamma.app/_next/static/immutable/chunks/27m8v1gmglfti.js:8
[    4632ms] [LOG] utm function starting @ https://gamma.app/_next/static/immutable/chunks/27m8v1gmglfti.js:8
[    4656ms] [INFO] info: [LaunchDarkly] Closed LaunchDarkly stream connection @ https://gamma.app/_next/static/immutable/chunks/27m8v1gmglfti.js:8
[    4929ms] [INFO] info: [LaunchDarkly] Opened LaunchDarkly stream connection @ https://gamma.app/_next/static/immutable/chunks/27m8v1gmglfti.js:8
[    5028ms] [WARNING] warn: [LaunchDarkly] Exceeded event queue capacity. Increase capacity to avoid dropping events. @ https://gamma.app/_next/static/immutable/chunks/27m8v1gmglfti.js:8
[    5051ms] [WARNING] [OfflineManager] Offline mode already disabled @ https://gamma.app/_next/static/immutable/chunks/27m8v1gmglfti.js:8
[    7147ms] [WARNING] Timed out waiting for growsumo @ https://gamma.app/_next/static/immutable/chunks/27m8v1gmglfti.js:8
[   46289ms] [WARNING] Warning: fragment with name PageFields already exists.
graphql-tag enforces all fragment names across your application to be unique; read more about
this in the docs: http://dev.apollodata.com/core/fragments.html#unique-names @ https://gamma.app/_next/static/immutable/chunks/27m8v1gmglfti.js:8
[   46316ms] [WARNING] An error occurred! For more details, see the full error text at https://go.apollo.dev/c/err#%7B%22version%22%3A%223.14.1%22%2C%22message%22%3A85%2C%22args%22%3A%5B%5D%7D @ https://gamma.app/_next/static/immutable/chunks/27m8v1gmglfti.js:8
[   46357ms] [WARNING] Canvas2D: Multiple readback operations using getImageData are faster with the willReadFrequently attribute set to true. See: https://html.spec.whatwg.org/multipage/canvas.html#concept-canvas-will-read-frequently @ https://gamma.app/_next/static/immutable/chunks/0r_q6_gy-nw-o.js:1
[   46516ms] [INFO] [Intercom] Launcher is disabled in settings or current page does not match display conditions @ https://js.intercomcdn.com/frame-modern.cc7c7192.js:0
[   46541ms] [WARNING] An error occurred! For more details, see the full error text at https://go.apollo.dev/c/err#%7B%22version%22%3A%223.14.1%22%2C%22message%22%3A103%2C%22args%22%3A%5B%22useQuery%22%2C%22onCompleted%22%2C%22If%20your%20%60onCompleted%60%20callback%20sets%20local%20state%2C%20switch%20to%20use%20derived%20state%20using%20%60data%60%20returned%20from%20the%20hook%20instead.%20Use%20%60useEffect%60%20to%20perform%20side-effects%20as%20a%20result%20of%20updates%20to%20%60data%60.%22%5D%7D @ https://gamma.app/_next/static/immutable/chunks/27m8v1gmglfti.js:8
[   46567ms] [WARNING] An error occurred! For more details, see the full error text at https://go.apollo.dev/c/err#%7B%22version%22%3A%223.14.1%22%2C%22message%22%3A103%2C%22args%22%3A%5B%22useLazyQuery%22%2C%22variables%22%2C%22Pass%20all%20%60variables%60%20to%20the%20returned%20%60execute%60%20function%20instead.%22%5D%7D @ https://gamma.app/_next/static/immutable/chunks/27m8v1gmglfti.js:8
[   46619ms] [WARNING] Canny: You can only initialize the widget once, re-initializations may result in errors or unpredictable behaviour. @ https://gamma.app/_next/static/immutable/chunks/27m8v1gmglfti.js:8
[   46619ms] [WARNING] Canny: You can only initialize the widget once, re-initializations may result in errors or unpredictable behaviour. @ https://gamma.app/_next/static/immutable/chunks/27m8v1gmglfti.js:8
[   46882ms] [WARNING] warn: [LaunchDarkly] Unknown feature flag "debugLogging"; returning default value null. @ https://gamma.app/_next/static/immutable/chunks/27m8v1gmglfti.js:8
[   46883ms] [WARNING] warn: [LaunchDarkly] Unknown feature flag "offlineTest"; returning default value null. @ https://gamma.app/_next/static/immutable/chunks/27m8v1gmglfti.js:8
[   46884ms] [WARNING] warn: [LaunchDarkly] Unknown feature flag "enableWorkspaceSubscriptionLiveUpdates"; returning default value null. @ https://gamma.app/_next/static/immutable/chunks/27m8v1gmglfti.js:8
[   46884ms] [WARNING] warn: [LaunchDarkly] Unknown feature flag "enableSubscriptionRefetchOnPaymentResolved"; returning default value null. @ https://gamma.app/_next/static/immutable/chunks/27m8v1gmglfti.js:8
[   46884ms] [WARNING] warn: [LaunchDarkly] Unknown feature flag "inlineDashboardButterbar"; returning default value null. @ https://gamma.app/_next/static/immutable/chunks/27m8v1gmglfti.js:8
[   46885ms] [WARNING] warn: [LaunchDarkly] Unknown feature flag "defaultCanvasCards"; returning default value null. @ https://gamma.app/_next/static/immutable/chunks/27m8v1gmglfti.js:8
[   46944ms] [LOG] [Churnkey] Embed v1.0.81 @ https://gamma.app/_next/static/immutable/chunks/27m8v1gmglfti.js:8
[   46959ms] [INFO] info: [LaunchDarkly] Opened LaunchDarkly stream connection @ https://gamma.app/_next/static/immutable/chunks/27m8v1gmglfti.js:8
[   47134ms] [WARNING] warn: [LaunchDarkly] Exceeded event queue capacity. Increase capacity to avoid dropping events. @ https://gamma.app/_next/static/immutable/chunks/27m8v1gmglfti.js:8
[   47159ms] [WARNING] [OfflineManager] Offline mode already disabled @ https://gamma.app/_next/static/immutable/chunks/27m8v1gmglfti.js:8
[   47226ms] [WARNING] [OfflineManager] Offline mode already disabled @ https://gamma.app/_next/static/immutable/chunks/27m8v1gmglfti.js:8
[   47230ms] [INFO] info: [LaunchDarkly] Closed LaunchDarkly stream connection @ https://gamma.app/_next/static/immutable/chunks/27m8v1gmglfti.js:8
[   47300ms] [INFO] info: [LaunchDarkly] Opened LaunchDarkly stream connection @ https://gamma.app/_next/static/immutable/chunks/27m8v1gmglfti.js:8
[   47386ms] [WARNING] [OfflineManager] Offline mode already disabled @ https://gamma.app/_next/static/immutable/chunks/27m8v1gmglfti.js:8
[   82866ms] [WARNING] An error occurred! For more details, see the full error text at https://go.apollo.dev/c/err#%7B%22version%22%3A%223.14.1%22%2C%22message%22%3A103%2C%22args%22%3A%5B%22useQuery%22%2C%22onCompleted%22%2C%22If%20your%20%60onCompleted%60%20callback%20sets%20local%20state%2C%20switch%20to%20use%20derived%20state%20using%20%60data%60%20returned%20from%20the%20hook%20instead.%20Use%20%60useEffect%60%20to%20perform%20side-effects%20as%20a%20result%20of%20updates%20to%20%60data%60.%22%5D%7D @ https://gamma.app/_next/static/immutable/chunks/27m8v1gmglfti.js:8
[  108130ms] [WARNING] An error occurred! For more details, see the full error text at https://go.apollo.dev/c/err#%7B%22version%22%3A%223.14.1%22%2C%22message%22%3A103%2C%22args%22%3A%5B%22useQuery%22%2C%22onCompleted%22%2C%22If%20your%20%60onCompleted%60%20callback%20sets%20local%20state%2C%20switch%20to%20use%20derived%20state%20using%20%60data%60%20returned%20from%20the%20hook%20instead.%20Use%20%60useEffect%60%20to%20perform%20side-effects%20as%20a%20result%20of%20updates%20to%20%60data%60.%22%5D%7D @ https://gamma.app/_next/static/immutable/chunks/27m8v1gmglfti.js:8
[  108130ms] [WARNING] An error occurred! For more details, see the full error text at https://go.apollo.dev/c/err#%7B%22version%22%3A%223.14.1%22%2C%22message%22%3A103%2C%22args%22%3A%5B%22useQuery%22%2C%22onCompleted%22%2C%22If%20your%20%60onCompleted%60%20callback%20sets%20local%20state%2C%20switch%20to%20use%20derived%20state%20using%20%60data%60%20returned%20from%20the%20hook%20instead.%20Use%20%60useEffect%60%20to%20perform%20side-effects%20as%20a%20result%20of%20updates%20to%20%60data%60.%22%5D%7D @ https://gamma.app/_next/static/immutable/chunks/27m8v1gmglfti.js:8
